[0.045s][info][gc,heap] Heap region size: 1M
[0.056s][info][gc     ] Using G1
[0.056s][info][gc,heap,coops] Heap address: 0x0000000700000000, size: 4096 MB, Compressed Oops mode: Zero based, Oop shift amount: 3
[0.057s][info][gc,cds       ] Mark closed archive regions in map: [0x00000007bfe00000, 0x00000007bfe6aff8]
[0.058s][info][gc,cds       ] Mark open archive regions in map: [0x00000007bfc00000, 0x00000007bfc47ff8]
[1.003s][info][gc,start     ] GC(0) Pause Young (Normal) (G1 Evacuation Pause)
[1.005s][info][gc,task      ] GC(0) Using 8 workers of 8 for evacuation
[1.051s][info][gc,phases    ] GC(0)   Pre Evacuate Collection Set: 0.2ms
[1.055s][info][gc,phases    ] GC(0)   Evacuate Collection Set: 40.5ms
[1.055s][info][gc,phases    ] GC(0)   Post Evacuate Collection Set: 3.1ms
[1.055s][info][gc,phases    ] GC(0)   Other: 5.1ms
[1.061s][info][gc,heap      ] GC(0) Eden regions: 28->0(24)
[1.062s][info][gc,heap      ] GC(0) Survivor regions: 0->4(4)
[1.063s][info][gc,heap      ] GC(0) Old regions: 2->11
[1.064s][info][gc,heap      ] GC(0) Humongous regions: 9->9
[1.064s][info][gc,metaspace ] GC(0) Metaspace: 3942K->3942K(1056768K)
[1.065s][info][gc           ] GC(0) Pause Young (Normal) (G1 Evacuation Pause) 37M->22M(566M) 61.903ms
[1.065s][info][gc,cpu       ] GC(0) User=0.04s Sys=0.01s Real=0.06s
[1.542s][info][gc,start     ] GC(1) Pause Young (Normal) (G1 Evacuation Pause)
[1.544s][info][gc,task      ] GC(1) Using 8 workers of 8 for evacuation
[1.555s][info][gc,phases    ] GC(1)   Pre Evacuate Collection Set: 0.0ms
[1.555s][info][gc,phases    ] GC(1)   Evacuate Collection Set: 8.7ms
[1.555s][info][gc,phases    ] GC(1)   Post Evacuate Collection Set: 2.3ms
[1.556s][info][gc,phases    ] GC(1)   Other: 2.5ms
[1.556s][info][gc,heap      ] GC(1) Eden regions: 24->0(48)
[1.556s][info][gc,heap      ] GC(1) Survivor regions: 4->2(4)
[1.556s][info][gc,heap      ] GC(1) Old regions: 11->15
[1.556s][info][gc,heap      ] GC(1) Humongous regions: 9->9
[1.556s][info][gc,metaspace ] GC(1) Metaspace: 8956K->8956K(1058816K)
[1.556s][info][gc           ] GC(1) Pause Young (Normal) (G1 Evacuation Pause) 46M->23M(566M) 14.734ms
[1.556s][info][gc,cpu       ] GC(1) User=0.02s Sys=0.00s Real=0.01s
[2.334s][info][gc,start     ] GC(2) Pause Young (Normal) (G1 Evacuation Pause)
[2.334s][info][gc,task      ] GC(2) Using 8 workers of 8 for evacuation
[2.353s][info][gc,phases    ] GC(2)   Pre Evacuate Collection Set: 0.1ms
[2.353s][info][gc,phases    ] GC(2)   Evacuate Collection Set: 17.3ms
[2.354s][info][gc,phases    ] GC(2)   Post Evacuate Collection Set: 1.2ms
[2.354s][info][gc,phases    ] GC(2)   Other: 0.5ms
[2.354s][info][gc,heap      ] GC(2) Eden regions: 48->0(69)
[2.355s][info][gc,heap      ] GC(2) Survivor regions: 2->4(7)
[2.355s][info][gc,heap      ] GC(2) Old regions: 15->15
[2.355s][info][gc,heap      ] GC(2) Humongous regions: 9->9
[2.356s][info][gc,metaspace ] GC(2) Metaspace: 17789K->17789K(1064960K)
[2.356s][info][gc           ] GC(2) Pause Young (Normal) (G1 Evacuation Pause) 71M->26M(566M) 21.574ms
[2.356s][info][gc,cpu       ] GC(2) User=0.04s Sys=0.00s Real=0.02s
[2.701s][info][gc,start     ] GC(3) Pause Young (Concurrent Start) (Metadata GC Threshold)
[2.701s][info][gc,task      ] GC(3) Using 8 workers of 8 for evacuation
[2.726s][info][gc,phases    ] GC(3)   Pre Evacuate Collection Set: 0.3ms
[2.727s][info][gc,phases    ] GC(3)   Evacuate Collection Set: 23.4ms
[2.727s][info][gc,phases    ] GC(3)   Post Evacuate Collection Set: 0.7ms
[2.728s][info][gc,phases    ] GC(3)   Other: 1.2ms
[2.728s][info][gc,heap      ] GC(3) Eden regions: 24->0(68)
[2.729s][info][gc,heap      ] GC(3) Survivor regions: 4->5(10)
[2.729s][info][gc,heap      ] GC(3) Old regions: 15->15
[2.729s][info][gc,heap      ] GC(3) Humongous regions: 9->9
[2.729s][info][gc,metaspace ] GC(3) Metaspace: 20536K->20536K(1067008K)
[2.729s][info][gc           ] GC(3) Pause Young (Concurrent Start) (Metadata GC Threshold) 49M->26M(566M) 28.279ms
[2.729s][info][gc,cpu       ] GC(3) User=0.04s Sys=0.00s Real=0.02s
[2.730s][info][gc           ] GC(4) Concurrent Cycle
[2.731s][info][gc,marking   ] GC(4) Concurrent Clear Claimed Marks
[2.732s][info][gc,marking   ] GC(4) Concurrent Clear Claimed Marks 2.214ms
[2.732s][info][gc,marking   ] GC(4) Concurrent Scan Root Regions
[2.738s][info][gc,marking   ] GC(4) Concurrent Scan Root Regions 5.789ms
[2.738s][info][gc,marking   ] GC(4) Concurrent Mark (2.738s)
[2.738s][info][gc,marking   ] GC(4) Concurrent Mark From Roots
[2.738s][info][gc,task      ] GC(4) Using 2 workers of 2 for marking
[2.750s][info][gc,marking   ] GC(4) Concurrent Mark From Roots 11.921ms
[2.751s][info][gc,marking   ] GC(4) Concurrent Preclean
[2.751s][info][gc,marking   ] GC(4) Concurrent Preclean 0.603ms
[2.752s][info][gc,marking   ] GC(4) Concurrent Mark (2.738s, 2.751s) 13.346ms
[2.752s][info][gc,start     ] GC(4) Pause Remark
[2.772s][info][gc,stringtable] GC(4) Cleaned string and symbol table, strings: 8284 processed, 10 removed, symbols: 54844 processed, 32 removed
[2.773s][info][gc            ] GC(4) Pause Remark 27M->27M(566M) 21.219ms
[2.773s][info][gc,cpu        ] GC(4) User=0.02s Sys=0.01s Real=0.02s
[2.773s][info][gc,marking    ] GC(4) Concurrent Rebuild Remembered Sets
[2.778s][info][gc,marking    ] GC(4) Concurrent Rebuild Remembered Sets 4.094ms
[2.778s][info][gc,start      ] GC(4) Pause Cleanup
[2.779s][info][gc            ] GC(4) Pause Cleanup 27M->27M(566M) 0.544ms
[2.779s][info][gc,cpu        ] GC(4) User=0.00s Sys=0.00s Real=0.00s
[2.779s][info][gc,marking    ] GC(4) Concurrent Cleanup for Next Mark
[2.782s][info][gc,marking    ] GC(4) Concurrent Cleanup for Next Mark 2.988ms
[2.783s][info][gc            ] GC(4) Concurrent Cycle 53.132ms
[3.620s][info][gc,start      ] GC(5) Pause Young (Normal) (G1 Evacuation Pause)
[3.620s][info][gc,task       ] GC(5) Using 8 workers of 8 for evacuation
[3.628s][info][gc,phases     ] GC(5)   Pre Evacuate Collection Set: 0.0ms
[3.629s][info][gc,phases     ] GC(5)   Evacuate Collection Set: 6.4ms
[3.629s][info][gc,phases     ] GC(5)   Post Evacuate Collection Set: 1.8ms
[3.629s][info][gc,phases     ] GC(5)   Other: 0.4ms
[3.629s][info][gc,heap       ] GC(5) Eden regions: 71->0(110)
[3.629s][info][gc,heap       ] GC(5) Survivor regions: 5->7(10)
[3.629s][info][gc,heap       ] GC(5) Old regions: 15->15
[3.629s][info][gc,heap       ] GC(5) Humongous regions: 9->9
[3.629s][info][gc,metaspace  ] GC(5) Metaspace: 30258K->30258K(1077248K)
[3.629s][info][gc            ] GC(5) Pause Young (Normal) (G1 Evacuation Pause) 97M->28M(761M) 9.538ms
[3.629s][info][gc,cpu        ] GC(5) User=0.04s Sys=0.01s Real=0.00s
[4.037s][info][gc,start      ] GC(6) Pause Young (Concurrent Start) (Metadata GC Threshold)
[4.039s][info][gc,task       ] GC(6) Using 8 workers of 8 for evacuation
[4.047s][info][gc,phases     ] GC(6)   Pre Evacuate Collection Set: 0.1ms
[4.048s][info][gc,phases     ] GC(6)   Evacuate Collection Set: 7.8ms
[4.048s][info][gc,phases     ] GC(6)   Post Evacuate Collection Set: 0.4ms
[4.048s][info][gc,phases     ] GC(6)   Other: 2.2ms
[4.048s][info][gc,heap       ] GC(6) Eden regions: 22->0(113)
[4.048s][info][gc,heap       ] GC(6) Survivor regions: 7->9(15)
[4.048s][info][gc,heap       ] GC(6) Old regions: 15->15
[4.048s][info][gc,heap       ] GC(6) Humongous regions: 9->9
[4.048s][info][gc,metaspace  ] GC(6) Metaspace: 34385K->34385K(1079296K)
[4.048s][info][gc            ] GC(6) Pause Young (Concurrent Start) (Metadata GC Threshold) 50M->30M(761M) 11.640ms
[4.049s][info][gc,cpu        ] GC(6) User=0.03s Sys=0.01s Real=0.01s
[4.049s][info][gc            ] GC(7) Concurrent Cycle
[4.049s][info][gc,marking    ] GC(7) Concurrent Clear Claimed Marks
[4.049s][info][gc,marking    ] GC(7) Concurrent Clear Claimed Marks 0.188ms
[4.049s][info][gc,marking    ] GC(7) Concurrent Scan Root Regions
[4.051s][info][gc,marking    ] GC(7) Concurrent Scan Root Regions 1.717ms
[4.051s][info][gc,marking    ] GC(7) Concurrent Mark (4.051s)
[4.051s][info][gc,marking    ] GC(7) Concurrent Mark From Roots
[4.051s][info][gc,task       ] GC(7) Using 2 workers of 2 for marking
[4.053s][info][gc,marking    ] GC(7) Concurrent Mark From Roots 2.144ms
[4.053s][info][gc,marking    ] GC(7) Concurrent Preclean
[4.054s][info][gc,marking    ] GC(7) Concurrent Preclean 0.159ms
[4.054s][info][gc,marking    ] GC(7) Concurrent Mark (4.051s, 4.054s) 2.610ms
[4.054s][info][gc,start      ] GC(7) Pause Remark
[4.076s][info][gc,stringtable] GC(7) Cleaned string and symbol table, strings: 12870 processed, 0 removed, symbols: 90065 processed, 38 removed
[4.076s][info][gc            ] GC(7) Pause Remark 30M->30M(761M) 22.078ms
[4.076s][info][gc,cpu        ] GC(7) User=0.04s Sys=0.01s Real=0.02s
[4.076s][info][gc,marking    ] GC(7) Concurrent Rebuild Remembered Sets
[4.077s][info][gc,marking    ] GC(7) Concurrent Rebuild Remembered Sets 1.072ms
[4.078s][info][gc,start      ] GC(7) Pause Cleanup
[4.078s][info][gc            ] GC(7) Pause Cleanup 30M->30M(761M) 0.214ms
[4.078s][info][gc,cpu        ] GC(7) User=0.00s Sys=0.00s Real=0.00s
[4.078s][info][gc,marking    ] GC(7) Concurrent Cleanup for Next Mark
[4.079s][info][gc,marking    ] GC(7) Concurrent Cleanup for Next Mark 1.037ms
[4.079s][info][gc            ] GC(7) Concurrent Cycle 30.639ms
