[0.034s][info][gc,heap] Heap region size: 1M
[0.047s][info][gc     ] Using G1
[0.051s][info][gc,heap,coops] Heap address: 0x0000000700000000, size: 4096 MB, Compressed Oops mode: Zero based, Oop shift amount: 3
[0.053s][info][gc,cds       ] Mark closed archive regions in map: [0x00000007bfe00000, 0x00000007bfe6aff8]
[0.053s][info][gc,cds       ] Mark open archive regions in map: [0x00000007bfc00000, 0x00000007bfc47ff8]
[0.988s][info][gc,start     ] GC(0) Pause Young (Normal) (G1 Evacuation Pause)
[0.992s][info][gc,task      ] GC(0) Using 8 workers of 8 for evacuation
[1.029s][info][gc,phases    ] GC(0)   Pre Evacuate Collection Set: 0.1ms
[1.030s][info][gc,phases    ] GC(0)   Evacuate Collection Set: 32.8ms
[1.033s][info][gc,phases    ] GC(0)   Post Evacuate Collection Set: 2.1ms
[1.034s][info][gc,phases    ] GC(0)   Other: 7.0ms
[1.034s][info][gc,heap      ] GC(0) Eden regions: 28->0(24)
[1.034s][info][gc,heap      ] GC(0) Survivor regions: 0->4(4)
[1.035s][info][gc,heap      ] GC(0) Old regions: 2->11
[1.035s][info][gc,heap      ] GC(0) Humongous regions: 9->9
[1.035s][info][gc,metaspace ] GC(0) Metaspace: 3937K->3937K(1056768K)
[1.036s][info][gc           ] GC(0) Pause Young (Normal) (G1 Evacuation Pause) 37M->22M(566M) 47.788ms
[1.036s][info][gc,cpu       ] GC(0) User=0.03s Sys=0.01s Real=0.05s
[1.624s][info][gc,start     ] GC(1) Pause Young (Normal) (G1 Evacuation Pause)
[1.624s][info][gc,task      ] GC(1) Using 8 workers of 8 for evacuation
[1.635s][info][gc,phases    ] GC(1)   Pre Evacuate Collection Set: 0.1ms
[1.635s][info][gc,phases    ] GC(1)   Evacuate Collection Set: 9.3ms
[1.636s][info][gc,phases    ] GC(1)   Post Evacuate Collection Set: 1.3ms
[1.636s][info][gc,phases    ] GC(1)   Other: 0.6ms
[1.636s][info][gc,heap      ] GC(1) Eden regions: 24->0(44)
[1.636s][info][gc,heap      ] GC(1) Survivor regions: 4->2(4)
[1.636s][info][gc,heap      ] GC(1) Old regions: 11->15
[1.636s][info][gc,heap      ] GC(1) Humongous regions: 9->9
[1.636s][info][gc,metaspace ] GC(1) Metaspace: 9485K->9485K(1060864K)
[1.637s][info][gc           ] GC(1) Pause Young (Normal) (G1 Evacuation Pause) 46M->23M(566M) 12.609ms
[1.637s][info][gc,cpu       ] GC(1) User=0.03s Sys=0.00s Real=0.01s
[2.348s][info][gc,start     ] GC(2) Pause Young (Normal) (G1 Evacuation Pause)
[2.348s][info][gc,task      ] GC(2) Using 8 workers of 8 for evacuation
[2.364s][info][gc,phases    ] GC(2)   Pre Evacuate Collection Set: 0.0ms
[2.367s][info][gc,phases    ] GC(2)   Evacuate Collection Set: 14.5ms
[2.367s][info][gc,phases    ] GC(2)   Post Evacuate Collection Set: 1.2ms
[2.367s][info][gc,phases    ] GC(2)   Other: 0.5ms
[2.368s][info][gc,heap      ] GC(2) Eden regions: 44->0(64)
[2.368s][info][gc,heap      ] GC(2) Survivor regions: 2->4(6)
[2.368s][info][gc,heap      ] GC(2) Old regions: 15->15
[2.368s][info][gc,heap      ] GC(2) Humongous regions: 9->9
[2.368s][info][gc,metaspace ] GC(2) Metaspace: 17105K->17105K(1064960K)
[2.368s][info][gc           ] GC(2) Pause Young (Normal) (G1 Evacuation Pause) 67M->26M(566M) 19.693ms
[2.368s][info][gc,cpu       ] GC(2) User=0.03s Sys=0.00s Real=0.02s
[2.780s][info][gc,start     ] GC(3) Pause Young (Concurrent Start) (Metadata GC Threshold)
[2.784s][info][gc,task      ] GC(3) Using 8 workers of 8 for evacuation
[2.800s][info][gc,phases    ] GC(3)   Pre Evacuate Collection Set: 0.2ms
[2.800s][info][gc,phases    ] GC(3)   Evacuate Collection Set: 11.8ms
[2.800s][info][gc,phases    ] GC(3)   Post Evacuate Collection Set: 2.7ms
[2.800s][info][gc,phases    ] GC(3)   Other: 4.9ms
[2.800s][info][gc,heap      ] GC(3) Eden regions: 28->0(70)
[2.800s][info][gc,heap      ] GC(3) Survivor regions: 4->5(9)
[2.801s][info][gc,heap      ] GC(3) Old regions: 15->15
[2.801s][info][gc,heap      ] GC(3) Humongous regions: 9->9
[2.801s][info][gc,metaspace ] GC(3) Metaspace: 20502K->20502K(1067008K)
[2.801s][info][gc           ] GC(3) Pause Young (Concurrent Start) (Metadata GC Threshold) 53M->27M(566M) 20.868ms
[2.801s][info][gc,cpu       ] GC(3) User=0.03s Sys=0.00s Real=0.02s
[2.802s][info][gc           ] GC(4) Concurrent Cycle
[2.803s][info][gc,marking   ] GC(4) Concurrent Clear Claimed Marks
[2.803s][info][gc,marking   ] GC(4) Concurrent Clear Claimed Marks 0.352ms
[2.803s][info][gc,marking   ] GC(4) Concurrent Scan Root Regions
[2.810s][info][gc,marking   ] GC(4) Concurrent Scan Root Regions 7.328ms
[2.811s][info][gc,marking   ] GC(4) Concurrent Mark (2.811s)
[2.811s][info][gc,marking   ] GC(4) Concurrent Mark From Roots
[2.811s][info][gc,task      ] GC(4) Using 2 workers of 2 for marking
[2.825s][info][gc,marking   ] GC(4) Concurrent Mark From Roots 14.356ms
[2.825s][info][gc,marking   ] GC(4) Concurrent Preclean
[2.827s][info][gc,marking   ] GC(4) Concurrent Preclean 1.328ms
[2.828s][info][gc,marking   ] GC(4) Concurrent Mark (2.811s, 2.827s) 16.176ms
[2.829s][info][gc,start     ] GC(4) Pause Remark
[2.850s][info][gc,stringtable] GC(4) Cleaned string and symbol table, strings: 8278 processed, 10 removed, symbols: 54842 processed, 32 removed
[2.853s][info][gc            ] GC(4) Pause Remark 27M->27M(566M) 23.310ms
[2.853s][info][gc,cpu        ] GC(4) User=0.02s Sys=0.00s Real=0.02s
[2.853s][info][gc,marking    ] GC(4) Concurrent Rebuild Remembered Sets
[2.859s][info][gc,marking    ] GC(4) Concurrent Rebuild Remembered Sets 5.899ms
[2.860s][info][gc,start      ] GC(4) Pause Cleanup
[2.861s][info][gc            ] GC(4) Pause Cleanup 27M->27M(566M) 1.297ms
[2.862s][info][gc,cpu        ] GC(4) User=0.00s Sys=0.01s Real=0.00s
[2.862s][info][gc,marking    ] GC(4) Concurrent Cleanup for Next Mark
[2.865s][info][gc,marking    ] GC(4) Concurrent Cleanup for Next Mark 3.044ms
[2.868s][info][gc            ] GC(4) Concurrent Cycle 66.081ms
[3.722s][info][gc,start      ] GC(5) Pause Young (Normal) (G1 Evacuation Pause)
[3.722s][info][gc,task       ] GC(5) Using 8 workers of 8 for evacuation
[3.728s][info][gc,phases     ] GC(5)   Pre Evacuate Collection Set: 0.0ms
[3.729s][info][gc,phases     ] GC(5)   Evacuate Collection Set: 5.4ms
[3.729s][info][gc,phases     ] GC(5)   Post Evacuate Collection Set: 0.5ms
[3.729s][info][gc,phases     ] GC(5)   Other: 0.5ms
[3.729s][info][gc,heap       ] GC(5) Eden regions: 73->0(121)
[3.729s][info][gc,heap       ] GC(5) Survivor regions: 5->7(10)
[3.729s][info][gc,heap       ] GC(5) Old regions: 15->15
[3.729s][info][gc,heap       ] GC(5) Humongous regions: 9->9
[3.729s][info][gc,metaspace  ] GC(5) Metaspace: 30670K->30670K(1077248K)
[3.729s][info][gc            ] GC(5) Pause Young (Normal) (G1 Evacuation Pause) 100M->29M(566M) 7.208ms
[3.729s][info][gc,cpu        ] GC(5) User=0.03s Sys=0.00s Real=0.01s
[4.113s][info][gc,start      ] GC(6) Pause Young (Concurrent Start) (Metadata GC Threshold)
[4.113s][info][gc,task       ] GC(6) Using 8 workers of 8 for evacuation
[4.122s][info][gc,phases     ] GC(6)   Pre Evacuate Collection Set: 0.1ms
[4.122s][info][gc,phases     ] GC(6)   Evacuate Collection Set: 8.4ms
[4.122s][info][gc,phases     ] GC(6)   Post Evacuate Collection Set: 0.5ms
[4.122s][info][gc,phases     ] GC(6)   Other: 0.4ms
[4.123s][info][gc,heap       ] GC(6) Eden regions: 20->0(116)
[4.123s][info][gc,heap       ] GC(6) Survivor regions: 7->8(16)
[4.123s][info][gc,heap       ] GC(6) Old regions: 15->15
[4.123s][info][gc,heap       ] GC(6) Humongous regions: 9->9
[4.123s][info][gc,metaspace  ] GC(6) Metaspace: 34436K->34436K(1079296K)
[4.123s][info][gc            ] GC(6) Pause Young (Concurrent Start) (Metadata GC Threshold) 48M->30M(566M) 10.341ms
[4.123s][info][gc,cpu        ] GC(6) User=0.03s Sys=0.00s Real=0.01s
[4.123s][info][gc            ] GC(7) Concurrent Cycle
[4.123s][info][gc,marking    ] GC(7) Concurrent Clear Claimed Marks
[4.123s][info][gc,marking    ] GC(7) Concurrent Clear Claimed Marks 0.157ms
[4.123s][info][gc,marking    ] GC(7) Concurrent Scan Root Regions
[4.125s][info][gc,marking    ] GC(7) Concurrent Scan Root Regions 1.761ms
[4.125s][info][gc,marking    ] GC(7) Concurrent Mark (4.125s)
[4.125s][info][gc,marking    ] GC(7) Concurrent Mark From Roots
[4.126s][info][gc,task       ] GC(7) Using 2 workers of 2 for marking
[4.128s][info][gc,marking    ] GC(7) Concurrent Mark From Roots 2.064ms
[4.128s][info][gc,marking    ] GC(7) Concurrent Preclean
[4.128s][info][gc,marking    ] GC(7) Concurrent Preclean 0.174ms
[4.128s][info][gc,marking    ] GC(7) Concurrent Mark (4.125s, 4.128s) 2.610ms
[4.128s][info][gc,start      ] GC(7) Pause Remark
[4.152s][info][gc,stringtable] GC(7) Cleaned string and symbol table, strings: 12792 processed, 0 removed, symbols: 90303 processed, 40 removed
[4.152s][info][gc            ] GC(7) Pause Remark 30M->30M(566M) 24.195ms
[4.153s][info][gc,cpu        ] GC(7) User=0.02s Sys=0.01s Real=0.02s
[4.153s][info][gc,marking    ] GC(7) Concurrent Rebuild Remembered Sets
[4.154s][info][gc,marking    ] GC(7) Concurrent Rebuild Remembered Sets 0.857ms
[4.154s][info][gc,start      ] GC(7) Pause Cleanup
[4.154s][info][gc            ] GC(7) Pause Cleanup 30M->30M(566M) 0.158ms
[4.154s][info][gc,cpu        ] GC(7) User=0.00s Sys=0.00s Real=0.00s
[4.154s][info][gc,marking    ] GC(7) Concurrent Cleanup for Next Mark
[4.155s][info][gc,marking    ] GC(7) Concurrent Cleanup for Next Mark 0.961ms
[4.155s][info][gc            ] GC(7) Concurrent Cycle 32.337ms
