[0.040s][info][gc,heap] Heap region size: 1M
[0.049s][info][gc     ] Using G1
[0.050s][info][gc,heap,coops] Heap address: 0x0000000700000000, size: 4096 MB, Compressed Oops mode: Zero based, Oop shift amount: 3
[0.055s][info][gc,cds       ] Mark closed archive regions in map: [0x00000007bfe00000, 0x00000007bfe6aff8]
[0.055s][info][gc,cds       ] Mark open archive regions in map: [0x00000007bfc00000, 0x00000007bfc47ff8]
[0.972s][info][gc,start     ] GC(0) Pause Young (Normal) (G1 Evacuation Pause)
[0.976s][info][gc,task      ] GC(0) Using 8 workers of 8 for evacuation
[1.015s][info][gc,phases    ] GC(0)   Pre Evacuate Collection Set: 0.1ms
[1.016s][info][gc,phases    ] GC(0)   Evacuate Collection Set: 31.2ms
[1.016s][info][gc,phases    ] GC(0)   Post Evacuate Collection Set: 3.2ms
[1.016s][info][gc,phases    ] GC(0)   Other: 9.0ms
[1.016s][info][gc,heap      ] GC(0) Eden regions: 28->0(24)
[1.017s][info][gc,heap      ] GC(0) Survivor regions: 0->4(4)
[1.017s][info][gc,heap      ] GC(0) Old regions: 2->11
[1.017s][info][gc,heap      ] GC(0) Humongous regions: 9->9
[1.017s][info][gc,metaspace ] GC(0) Metaspace: 4018K->4018K(1056768K)
[1.018s][info][gc           ] GC(0) Pause Young (Normal) (G1 Evacuation Pause) 37M->22M(566M) 45.525ms
[1.018s][info][gc,cpu       ] GC(0) User=0.03s Sys=0.01s Real=0.05s
[1.473s][info][gc,start     ] GC(1) Pause Young (Normal) (G1 Evacuation Pause)
[1.474s][info][gc,task      ] GC(1) Using 8 workers of 8 for evacuation
[1.496s][info][gc,phases    ] GC(1)   Pre Evacuate Collection Set: 0.1ms
[1.496s][info][gc,phases    ] GC(1)   Evacuate Collection Set: 19.7ms
[1.496s][info][gc,phases    ] GC(1)   Post Evacuate Collection Set: 2.5ms
[1.496s][info][gc,phases    ] GC(1)   Other: 0.6ms
[1.496s][info][gc,heap      ] GC(1) Eden regions: 24->0(49)
[1.497s][info][gc,heap      ] GC(1) Survivor regions: 4->2(4)
[1.497s][info][gc,heap      ] GC(1) Old regions: 11->15
[1.497s][info][gc,heap      ] GC(1) Humongous regions: 9->9
[1.497s][info][gc,metaspace ] GC(1) Metaspace: 8993K->8993K(1058816K)
[1.497s][info][gc           ] GC(1) Pause Young (Normal) (G1 Evacuation Pause) 46M->23M(566M) 23.501ms
[1.497s][info][gc,cpu       ] GC(1) User=0.06s Sys=0.00s Real=0.03s
[2.298s][info][gc,start     ] GC(2) Pause Young (Normal) (G1 Evacuation Pause)
[2.298s][info][gc,task      ] GC(2) Using 8 workers of 8 for evacuation
[2.324s][info][gc,phases    ] GC(2)   Pre Evacuate Collection Set: 0.0ms
[2.324s][info][gc,phases    ] GC(2)   Evacuate Collection Set: 24.2ms
[2.324s][info][gc,phases    ] GC(2)   Post Evacuate Collection Set: 1.3ms
[2.324s][info][gc,phases    ] GC(2)   Other: 0.8ms
[2.324s][info][gc,heap      ] GC(2) Eden regions: 49->0(67)
[2.324s][info][gc,heap      ] GC(2) Survivor regions: 2->4(7)
[2.324s][info][gc,heap      ] GC(2) Old regions: 15->15
[2.325s][info][gc,heap      ] GC(2) Humongous regions: 9->9
[2.325s][info][gc,metaspace ] GC(2) Metaspace: 17920K->17920K(1064960K)
[2.325s][info][gc           ] GC(2) Pause Young (Normal) (G1 Evacuation Pause) 72M->25M(566M) 26.965ms
[2.325s][info][gc,cpu       ] GC(2) User=0.02s Sys=0.00s Real=0.03s
[2.648s][info][gc,start     ] GC(3) Pause Young (Concurrent Start) (Metadata GC Threshold)
[2.649s][info][gc,task      ] GC(3) Using 8 workers of 8 for evacuation
[2.674s][info][gc,phases    ] GC(3)   Pre Evacuate Collection Set: 0.2ms
[2.674s][info][gc,phases    ] GC(3)   Evacuate Collection Set: 23.7ms
[2.674s][info][gc,phases    ] GC(3)   Post Evacuate Collection Set: 0.6ms
[2.674s][info][gc,phases    ] GC(3)   Other: 1.3ms
[2.674s][info][gc,heap      ] GC(3) Eden regions: 23->0(66)
[2.674s][info][gc,heap      ] GC(3) Survivor regions: 4->5(9)
[2.674s][info][gc,heap      ] GC(3) Old regions: 15->15
[2.674s][info][gc,heap      ] GC(3) Humongous regions: 9->9
[2.674s][info][gc,metaspace ] GC(3) Metaspace: 20522K->20522K(1067008K)
[2.675s][info][gc           ] GC(3) Pause Young (Concurrent Start) (Metadata GC Threshold) 48M->26M(566M) 26.414ms
[2.675s][info][gc,cpu       ] GC(3) User=0.02s Sys=0.01s Real=0.03s
[2.677s][info][gc           ] GC(4) Concurrent Cycle
[2.677s][info][gc,marking   ] GC(4) Concurrent Clear Claimed Marks
[2.677s][info][gc,marking   ] GC(4) Concurrent Clear Claimed Marks 0.299ms
[2.677s][info][gc,marking   ] GC(4) Concurrent Scan Root Regions
[2.683s][info][gc,marking   ] GC(4) Concurrent Scan Root Regions 5.884ms
[2.683s][info][gc,marking   ] GC(4) Concurrent Mark (2.683s)
[2.683s][info][gc,marking   ] GC(4) Concurrent Mark From Roots
[2.684s][info][gc,task      ] GC(4) Using 2 workers of 2 for marking
[2.691s][info][gc,marking   ] GC(4) Concurrent Mark From Roots 7.797ms
[2.691s][info][gc,marking   ] GC(4) Concurrent Preclean
[2.692s][info][gc,marking   ] GC(4) Concurrent Preclean 0.601ms
[2.693s][info][gc,marking   ] GC(4) Concurrent Mark (2.683s, 2.693s) 9.199ms
[2.701s][info][gc,start     ] GC(4) Pause Remark
[2.730s][info][gc,stringtable] GC(4) Cleaned string and symbol table, strings: 8437 processed, 10 removed, symbols: 55368 processed, 35 removed
[2.731s][info][gc            ] GC(4) Pause Remark 27M->27M(566M) 29.938ms
[2.731s][info][gc,cpu        ] GC(4) User=0.02s Sys=0.01s Real=0.03s
[2.732s][info][gc,marking    ] GC(4) Concurrent Rebuild Remembered Sets
[2.737s][info][gc,marking    ] GC(4) Concurrent Rebuild Remembered Sets 4.986ms
[2.739s][info][gc,start      ] GC(4) Pause Cleanup
[2.742s][info][gc            ] GC(4) Pause Cleanup 27M->27M(566M) 2.406ms
[2.743s][info][gc,cpu        ] GC(4) User=0.00s Sys=0.00s Real=0.00s
[2.746s][info][gc,marking    ] GC(4) Concurrent Cleanup for Next Mark
[2.750s][info][gc,marking    ] GC(4) Concurrent Cleanup for Next Mark 4.453ms
[2.751s][info][gc            ] GC(4) Concurrent Cycle 74.113ms
[3.599s][info][gc,start      ] GC(5) Pause Young (Normal) (G1 Evacuation Pause)
[3.599s][info][gc,task       ] GC(5) Using 8 workers of 8 for evacuation
[3.610s][info][gc,phases     ] GC(5)   Pre Evacuate Collection Set: 0.0ms
[3.610s][info][gc,phases     ] GC(5)   Evacuate Collection Set: 8.1ms
[3.611s][info][gc,phases     ] GC(5)   Post Evacuate Collection Set: 2.7ms
[3.611s][info][gc,phases     ] GC(5)   Other: 0.5ms
[3.611s][info][gc,heap       ] GC(5) Eden regions: 69->0(105)
[3.611s][info][gc,heap       ] GC(5) Survivor regions: 5->7(10)
[3.611s][info][gc,heap       ] GC(5) Old regions: 15->15
[3.611s][info][gc,heap       ] GC(5) Humongous regions: 9->9
[3.611s][info][gc,metaspace  ] GC(5) Metaspace: 29952K->29952K(1075200K)
[3.611s][info][gc            ] GC(5) Pause Young (Normal) (G1 Evacuation Pause) 95M->28M(800M) 12.120ms
[3.611s][info][gc,cpu        ] GC(5) User=0.04s Sys=0.01s Real=0.01s
[33.442s][info][gc,start      ] GC(6) Pause Young (Concurrent Start) (Metadata GC Threshold)
[33.443s][info][gc,task       ] GC(6) Using 8 workers of 8 for evacuation
[33.478s][info][gc,phases     ] GC(6)   Pre Evacuate Collection Set: 1.8ms
[33.478s][info][gc,phases     ] GC(6)   Evacuate Collection Set: 30.1ms
[33.478s][info][gc,phases     ] GC(6)   Post Evacuate Collection Set: 0.9ms
[33.478s][info][gc,phases     ] GC(6)   Other: 2.9ms
[33.478s][info][gc,heap       ] GC(6) Eden regions: 25->0(105)
[33.479s][info][gc,heap       ] GC(6) Survivor regions: 7->8(14)
[33.479s][info][gc,heap       ] GC(6) Old regions: 15->15
[33.479s][info][gc,heap       ] GC(6) Humongous regions: 9->9
[33.479s][info][gc,metaspace  ] GC(6) Metaspace: 34747K->34747K(1079296K)
[33.479s][info][gc            ] GC(6) Pause Young (Concurrent Start) (Metadata GC Threshold) 53M->29M(800M) 36.804ms
[33.479s][info][gc,cpu        ] GC(6) User=0.07s Sys=0.01s Real=0.04s
[33.479s][info][gc            ] GC(7) Concurrent Cycle
[33.480s][info][gc,marking    ] GC(7) Concurrent Clear Claimed Marks
[33.480s][info][gc,marking    ] GC(7) Concurrent Clear Claimed Marks 0.332ms
[33.480s][info][gc,marking    ] GC(7) Concurrent Scan Root Regions
[33.483s][info][gc,marking    ] GC(7) Concurrent Scan Root Regions 2.915ms
[33.484s][info][gc,marking    ] GC(7) Concurrent Mark (33.483s)
[33.484s][info][gc,marking    ] GC(7) Concurrent Mark From Roots
[33.484s][info][gc,task       ] GC(7) Using 2 workers of 2 for marking
[33.487s][info][gc,marking    ] GC(7) Concurrent Mark From Roots 3.058ms
[33.490s][info][gc,marking    ] GC(7) Concurrent Preclean
[33.490s][info][gc,marking    ] GC(7) Concurrent Preclean 0.231ms
[33.490s][info][gc,marking    ] GC(7) Concurrent Mark (33.483s, 33.490s) 6.851ms
[33.492s][info][gc,start      ] GC(7) Pause Remark
[33.531s][info][gc,stringtable] GC(7) Cleaned string and symbol table, strings: 12896 processed, 0 removed, symbols: 90752 processed, 35 removed
[33.532s][info][gc            ] GC(7) Pause Remark 30M->30M(800M) 40.122ms
[33.532s][info][gc,cpu        ] GC(7) User=0.04s Sys=0.00s Real=0.04s
[33.532s][info][gc,marking    ] GC(7) Concurrent Rebuild Remembered Sets
[33.533s][info][gc,marking    ] GC(7) Concurrent Rebuild Remembered Sets 1.150ms
[33.534s][info][gc,start      ] GC(7) Pause Cleanup
[33.534s][info][gc            ] GC(7) Pause Cleanup 30M->30M(800M) 0.229ms
[33.534s][info][gc,cpu        ] GC(7) User=0.00s Sys=0.00s Real=0.00s
[33.534s][info][gc,marking    ] GC(7) Concurrent Cleanup for Next Mark
[33.537s][info][gc,marking    ] GC(7) Concurrent Cleanup for Next Mark 3.175ms
[33.537s][info][gc            ] GC(7) Concurrent Cycle 58.171ms
